<html>
<body>
<pre>
<h1>µVision Build Log</h1>
<h2>Project:</h2>
C:\Users\bilaln\Documents\tm4c123_programming\lcd\Printf_Nokia_4C123\printf.uvproj
Project File Date:  02/12/2019

<h2>Output:</h2>
Build target 'printf'
compiling Nokia5110.c...
inc/tm4c123gh6pm.h(12753): warning:  #1-D: last line of file ends without a newline
  #endif // __TM4C123GH6PM_H__
Nokia5110.c: 1 warning, 0 errors
linking...
Program Size: Code=5308 RO-data=512 RW-data=8 ZI-data=1024  
".\printf.axf" - 0 Error(s), 1 Warning(s).
Load "C:\\Users\\bilaln\\Documents\\tm4c123_programming\\lcd\\Printf_Nokia_4C123\\printf.axf" 
Connecting: Mode=JTAG, Speed=1000000Hz
Connection failed!, error code=&d
Error: Flash Download failed  -  Target DLL has been cancelled
Load "C:\\Users\\bilaln\\Documents\\tm4c123_programming\\lcd\\Printf_Nokia_4C123\\printf.axf" 
Connecting: Mode=JTAG, Speed=1000000Hz
Connection failed!, error code=&d
Error: Flash Download failed  -  Target DLL has been cancelled
